################################################################################
#                                                                              #
#      IAR Universal Linker V6.5.0.91                                          #
#                                                                              #
#           Link time     =  13/May/2020  17:03:25                             #
#           Target CPU    =  A90                                               #
#           List file     =  C:\Users\C41045\Documents\CDB\Apps\SW_Lib\Car_Acc #
#                            ess\CARS_GEN2\ATAB5702A\Branches\P2P22_TXMODE_NXP #
#                            \appl\appFlash\IAR\Debug\List\appFLASH.map        #
#           Output file 1 =  C:\Users\C41045\Documents\CDB\Apps\SW_Lib\Car_Acc #
#                            ess\CARS_GEN2\ATAB5702A\Branches\P2P22_TXMODE_NXP #
#                            \appl\appFlash\IAR\Debug\Exe\appFLASH.hex         #
#                            Format: intel-standard                            #
#           Output file 2 =  C:\Users\C41045\Documents\CDB\Apps\SW_Lib\Car_Acc #
#                            ess\CARS_GEN2\ATAB5702A\Branches\P2P22_TXMODE_NXP #
#                            \appl\appFlash\IAR\Debug\Exe\appFLASH.d90         #
#                            Format: ubrof8                                    #
#                            UBROF version 8.0.2                               #
#           Command line  =  -f                                                #
#                            C:\Users\C41045\AppData\Local\Temp\EW25A2.tmp     #
#                            (C:\Users\C41045\Documents\CDB\Apps\SW_Lib\Car_Ac #
#                            cess\CARS_GEN2\ATAB5702A\Branches\P2P22_TXMODE_NX #
#                            P\appl\appFlash\IAR\Debug\Obj\ata5700_command_set #
#                            _asm_flash.r90                                    #
#                            C:\Users\C41045\Documents\CDB\Apps\SW_Lib\Car_Acc #
#                            ess\CARS_GEN2\ATAB5702A\Branches\P2P22_TXMODE_NXP #
#                            \appl\appFlash\IAR\Debug\Obj\ata5700_command_set_ #
#                            flash.r90                                         #
#                            C:\Users\C41045\Documents\CDB\Apps\SW_Lib\Car_Acc #
#                            ess\CARS_GEN2\ATAB5702A\Branches\P2P22_TXMODE_NXP #
#                            \appl\appFlash\IAR\Debug\Obj\eep_flash.r90        #
#                            C:\Users\C41045\Documents\CDB\Apps\SW_Lib\Car_Acc #
#                            ess\CARS_GEN2\ATAB5702A\Branches\P2P22_TXMODE_NXP #
#                            \appl\appFlash\IAR\Debug\Obj\extif_asm_flash.r90  #
#                            C:\Users\C41045\Documents\CDB\Apps\SW_Lib\Car_Acc #
#                            ess\CARS_GEN2\ATAB5702A\Branches\P2P22_TXMODE_NXP #
#                            \appl\appFlash\IAR\Debug\Obj\extif_flash.r90      #
#                            C:\Users\C41045\Documents\CDB\Apps\SW_Lib\Car_Acc #
#                            ess\CARS_GEN2\ATAB5702A\Branches\P2P22_TXMODE_NXP #
#                            \appl\appFlash\IAR\Debug\Obj\FlashAppl.r90        #
#                            C:\Users\C41045\Documents\CDB\Apps\SW_Lib\Car_Acc #
#                            ess\CARS_GEN2\ATAB5702A\Branches\P2P22_TXMODE_NXP #
#                            \appl\appFlash\IAR\Debug\Obj\FlashApplAES.r90     #
#                            C:\Users\C41045\Documents\CDB\Apps\SW_Lib\Car_Acc #
#                            ess\CARS_GEN2\ATAB5702A\Branches\P2P22_TXMODE_NXP #
#                            \appl\appFlash\IAR\Debug\Obj\FlashApplInOut.r90   #
#                            C:\Users\C41045\Documents\CDB\Apps\SW_Lib\Car_Acc #
#                            ess\CARS_GEN2\ATAB5702A\Branches\P2P22_TXMODE_NXP #
#                            \appl\appFlash\IAR\Debug\Obj\FlashApplLF.r90      #
#                            C:\Users\C41045\Documents\CDB\Apps\SW_Lib\Car_Acc #
#                            ess\CARS_GEN2\ATAB5702A\Branches\P2P22_TXMODE_NXP #
#                            \appl\appFlash\IAR\Debug\Obj\FlashApplPEPS.r90    #
#                            C:\Users\C41045\Documents\CDB\Apps\SW_Lib\Car_Acc #
#                            ess\CARS_GEN2\ATAB5702A\Branches\P2P22_TXMODE_NXP #
#                            \appl\appFlash\IAR\Debug\Obj\FlashApplRF.r90      #
#                            C:\Users\C41045\Documents\CDB\Apps\SW_Lib\Car_Acc #
#                            ess\CARS_GEN2\ATAB5702A\Branches\P2P22_TXMODE_NXP #
#                            \appl\appFlash\IAR\Debug\Obj\FlashApplRKE.r90     #
#                            C:\Users\C41045\Documents\CDB\Apps\SW_Lib\Car_Acc #
#                            ess\CARS_GEN2\ATAB5702A\Branches\P2P22_TXMODE_NXP #
#                            \appl\appFlash\IAR\Debug\Obj\FlashApplSPI.r90     #
#                            C:\Users\C41045\Documents\CDB\Apps\SW_Lib\Car_Acc #
#                            ess\CARS_GEN2\ATAB5702A\Branches\P2P22_TXMODE_NXP #
#                            \appl\appFlash\IAR\Debug\Obj\FlashIrq.r90         #
#                            C:\Users\C41045\Documents\CDB\Apps\SW_Lib\Car_Acc #
#                            ess\CARS_GEN2\ATAB5702A\Branches\P2P22_TXMODE_NXP #
#                            \appl\appFlash\IAR\Debug\Obj\globals_flash.r90    #
#                            C:\Users\C41045\Documents\CDB\Apps\SW_Lib\Car_Acc #
#                            ess\CARS_GEN2\ATAB5702A\Branches\P2P22_TXMODE_NXP #
#                            \appl\appFlash\IAR\Debug\Obj\init_flash.r90       #
#                            C:\Users\C41045\Documents\CDB\Apps\SW_Lib\Car_Acc #
#                            ess\CARS_GEN2\ATAB5702A\Branches\P2P22_TXMODE_NXP #
#                            \appl\appFlash\IAR\Debug\Obj\inttable_flash_asm.r #
#                            90                                                #
#                            C:\Users\C41045\Documents\CDB\Apps\SW_Lib\Car_Acc #
#                            ess\CARS_GEN2\ATAB5702A\Branches\P2P22_TXMODE_NXP #
#                            \appl\appFlash\IAR\Debug\Obj\lfrssi_flash.r90     #
#                            C:\Users\C41045\Documents\CDB\Apps\SW_Lib\Car_Acc #
#                            ess\CARS_GEN2\ATAB5702A\Branches\P2P22_TXMODE_NXP #
#                            \appl\appFlash\IAR\Debug\Obj\lfrx_flash.r90       #
#                            C:\Users\C41045\Documents\CDB\Apps\SW_Lib\Car_Acc #
#                            ess\CARS_GEN2\ATAB5702A\Branches\P2P22_TXMODE_NXP #
#                            \appl\appFlash\IAR\Debug\Obj\lfrx_immo_flash.r90  #
#                            C:\Users\C41045\Documents\CDB\Apps\SW_Lib\Car_Acc #
#                            ess\CARS_GEN2\ATAB5702A\Branches\P2P22_TXMODE_NXP #
#                            \appl\appFlash\IAR\Debug\Obj\rfrcc_flash.r90      #
#                            C:\Users\C41045\Documents\CDB\Apps\SW_Lib\Car_Acc #
#                            ess\CARS_GEN2\ATAB5702A\Branches\P2P22_TXMODE_NXP #
#                            \appl\appFlash\IAR\Debug\Obj\rftx_flash.r90       #
#                            C:\Users\C41045\Documents\CDB\Apps\SW_Lib\Car_Acc #
#                            ess\CARS_GEN2\ATAB5702A\Branches\P2P22_TXMODE_NXP #
#                            \appl\appFlash\IAR\Debug\Obj\spi_flash.r90        #
#                            C:\Users\C41045\Documents\CDB\Apps\SW_Lib\Car_Acc #
#                            ess\CARS_GEN2\ATAB5702A\Branches\P2P22_TXMODE_NXP #
#                            \appl\appFlash\IAR\Debug\Obj\system_asm_flash.r90 #
#                            C:\Users\C41045\Documents\CDB\Apps\SW_Lib\Car_Acc #
#                            ess\CARS_GEN2\ATAB5702A\Branches\P2P22_TXMODE_NXP #
#                            \appl\appFlash\IAR\Debug\Obj\system_flash.r90     #
#                            C:\Users\C41045\Documents\CDB\Apps\SW_Lib\Car_Acc #
#                            ess\CARS_GEN2\ATAB5702A\Branches\P2P22_TXMODE_NXP #
#                            \appl\appFlash\IAR\Debug\Obj\timer1_asm_flash.r90 #
#                            C:\Users\C41045\Documents\CDB\Apps\SW_Lib\Car_Acc #
#                            ess\CARS_GEN2\ATAB5702A\Branches\P2P22_TXMODE_NXP #
#                            \appl\appFlash\IAR\Debug\Obj\timer2_asm_flash.r90 #
#                            C:\Users\C41045\Documents\CDB\Apps\SW_Lib\Car_Acc #
#                            ess\CARS_GEN2\ATAB5702A\Branches\P2P22_TXMODE_NXP #
#                            \appl\appFlash\IAR\Debug\Obj\timer3_asm_flash.r90 #
#                            C:\Users\C41045\Documents\CDB\Apps\SW_Lib\Car_Acc #
#                            ess\CARS_GEN2\ATAB5702A\Branches\P2P22_TXMODE_NXP #
#                            \appl\appFlash\IAR\Debug\Obj\timer3_flash.r90     #
#                            C:\Users\C41045\Documents\CDB\Apps\SW_Lib\Car_Acc #
#                            ess\CARS_GEN2\ATAB5702A\Branches\P2P22_TXMODE_NXP #
#                            \appl\appFlash\IAR\Debug\Obj\timer4_asm_flash.r90 #
#                            C:\Users\C41045\Documents\CDB\Apps\SW_Lib\Car_Acc #
#                            ess\CARS_GEN2\ATAB5702A\Branches\P2P22_TXMODE_NXP #
#                            \appl\appFlash\IAR\Debug\Obj\timer4_flash.r90     #
#                            C:\Users\C41045\Documents\CDB\Apps\SW_Lib\Car_Acc #
#                            ess\CARS_GEN2\ATAB5702A\Branches\P2P22_TXMODE_NXP #
#                            \appl\appFlash\IAR\Debug\Obj\timer5_asm_flash.r90 #
#                            C:\Users\C41045\Documents\CDB\Apps\SW_Lib\Car_Acc #
#                            ess\CARS_GEN2\ATAB5702A\Branches\P2P22_TXMODE_NXP #
#                            \appl\appFlash\IAR\Debug\Obj\tp_asm_flash.r90     #
#                            C:\Users\C41045\Documents\CDB\Apps\SW_Lib\Car_Acc #
#                            ess\CARS_GEN2\ATAB5702A\Branches\P2P22_TXMODE_NXP #
#                            \appl\appFlash\IAR\Debug\Obj\tp_flash.r90         #
#                            C:\Users\C41045\Documents\CDB\Apps\SW_Lib\Car_Acc #
#                            ess\CARS_GEN2\ATAB5702A\Branches\P2P22_TXMODE_NXP #
#                            \appl\appFlash\IAR\Debug\Obj\utils.r90            #
#                            -o                                                #
#                            C:\Users\C41045\Documents\CDB\Apps\SW_Lib\Car_Acc #
#                            ess\CARS_GEN2\ATAB5702A\Branches\P2P22_TXMODE_NXP #
#                            \appl\appFlash\IAR\Debug\Exe\appFLASH.d90         #
#                            -Fubrof8 -l                                       #
#                            C:\Users\C41045\Documents\CDB\Apps\SW_Lib\Car_Acc #
#                            ess\CARS_GEN2\ATAB5702A\Branches\P2P22_TXMODE_NXP #
#                            \appl\appFlash\IAR\Debug\List\appFLASH.map        #
#                            -xesni                                            #
#                            "-IC:\Program Files (x86)\IAR Systems\Embedded Wo #
#                            rkbench 8.0\avr\LIB\"                             #
#                            -f                                                #
#                            C:\Users\C41045\Documents\CDB\Apps\SW_Lib\Car_Acc #
#                            ess\CARS_GEN2\ATAB5702A\Branches\P2P22_TXMODE_NXP #
#                            \appl\appFlash\IAR\ATA5700_flash.xcl              #
#                            (-D_..X_INTVEC_SIZE=CC -D_..X_ROM_TEND=FF         #
#                            -D_..X_ROM_NEND=7FFF -D_..X_ROM_END=7FFF          #
#                            -D_..X_ROM_IMMO_END=1FFF                          #
#                            -D_..X_ROM_LIB_START=2000                         #
#                            -D_..X_ROM_LIB_END=6BFF                           #
#                            -D_..X_ROM_ATE_START=6C00                         #
#                            -D_..X_FLASH_START=8000 -D_..X_FLASH_END=FFFF     #
#                            -D_..X_FLASH_ENTRY_SIZE=4 -D_..X_SRAM_BASE=200    #
#                            -D_..X_SRAM_TEND=200 -D_..X_SRAM_END=5FF          #
#                            -D_..X_EEPROM_END=97F -D_..X_SRAM_APPL_BASE=2f6   #
#                            -D_..X_SRAM_APPL_END=597 -D_..X_STACK_BASE=598    #
#                            -D_..X_CSTACK_SIZE=30 -D_..X_RSTACK_SIZE=38       #
#                            -D_..X_HEAP_SIZE=0 -D_..X_NEAR_HEAP_SIZE=0        #
#                            -ca90                                             #
#                            -Z(CODE)INTVEC=_..X_FLASH_START-(_..X_FLASH_START #
#                            +_..X_INTVEC_SIZE-1)                              #
#                            -Z(CODE)TINY_F=(_..X_FLASH_START+_..X_INTVEC_SIZE #
#                            )-_..X_FLASH_END                                  #
#                            -Z(CODE)NEAR_F,SWITCH,INITTAB,DIFUNCT=(_..X_FLASH #
#                            _START+_..X_FLASH_ENTRY_SIZE+_..X_INTVEC_SIZE)-_. #
#                            .X_FLASH_END                                      #
#                            -Z(CODE)NEAR_C=(_..X_FLASH_START+_..X_FLASH_ENTRY #
#                            _SIZE+_..X_INTVEC_SIZE)-_..X_FLASH_END            #
#                            -Z(CODE)FLASH_ENTRY=(_..X_FLASH_START+_..X_INTVEC #
#                            _SIZE)-(_..X_FLASH_START+_..X_FLASH_ENTRY_SIZE+_. #
#                            .X_INTVEC_SIZE)                                   #
#                            -Z(CODE)CODE=(_..X_FLASH_START+_..X_FLASH_ENTRY_S #
#                            IZE)-_..X_FLASH_END                               #
#                            -Z(CODE)TINY_ID,NEAR_ID=(_..X_FLASH_START+_..X_IN #
#                            TVEC_SIZE)-_..X_FLASH_END                         #
#                            -Z(CODE).aoipfunctionenhancedmode=C000            #
#                            -Z(CODE).aoipfunctioncustomcommand=E000           #
#                            -Z(DATA).eventram=_..X_SRAM_BASE                  #
#                            -Z(DATA).flowctrl -Z(DATA).tmr1ram                #
#                            -Z(DATA).tmr2ram -Z(DATA).tmr3ram                 #
#                            -Z(DATA).tmr4ram -Z(DATA).tmr5ram                 #
#                            -Z(DATA).debug                                    #
#                            -Z(DATA).sramAesComponentDataSection              #
#                            -Z(DATA).spiConfig -Z(DATA).ata5831               #
#                            -Z(DATA).rftx -Z(DATA).lfRssi -Z(DATA).calib      #
#                            -Z(DATA).lfRx -Z(DATA).lfRssiTest                 #
#                            -Z(DATA)__BSS__                                   #
#                            --disable_overlap_check=.sram_FlashApp_LfRssi_BMW #
#                            ,.sram_FlashApp_TpRxTx,.sram_FlashApp_ExtIf,.sram #
#                            _FlashModule_Twi,.sram_FlashModule_Rfrcc          #
#                            -Z(DATA).sram_FlashApp_Ata5700CommandSet=_..X_SRA #
#                            M_APPL_BASE                                       #
#                            -Z(DATA).sram_FlashApp_TempArray                  #
#                            -Z(DATA).sram_FlashApp_EventHandling              #
#                            -Z(DATA).sram_FlashApp_Sleep                      #
#                            -Z(DATA).sram_FlashApp_LfRx                       #
#                            -Z(DATA).sram_FlashApp_LfRssi                     #
#                            -Z@(DATA).sram_FlashApp_LfRssi_BMW                #
#                            -Z@(DATA).sram_FlashApp_ExtIf                     #
#                            -Z@(DATA).sram_FlashApp_TpRxTx                    #
#                            -Z@(DATA).sram_FlashApp_MsgRXbuffer               #
#                            -Z@(DATA).sram_FlashApp_MsgTXbuffer               #
#                            -Z@(DATA).sram_SPI_RXbuffer                       #
#                            -Z@(DATA).sram_FlashModule_Twi                    #
#                            -Z@(DATA).sram_FlashModule_Rfrcc                  #
#                            -Z(XDATA).eep_sCustomerEEPromSectionUSRID=08b0    #
#                            -Z(XDATA).eep_sCustomerEEPromSectionParameterData #
#                            =0580                                             #
#                            -Z(XDATA).eep_FlashApp_EventHandling=0410         #
#                            -Z(XDATA).eep_FlashApp_Clk                        #
#                            -Z(XDATA).eep_FlashApp_Cpu                        #
#                            -Z(XDATA).eep_FlashApp_Debounce                   #
#                            -Z(XDATA).eep_FlashApp_Debug                      #
#                            -Z(XDATA).eep_FlashApp_Int                        #
#                            -Z(XDATA).eep_FlashApp_PortB                      #
#                            -Z(XDATA).eep_FlashApp_PortC                      #
#                            -Z(XDATA).eep_FlashApp_PortD                      #
#                            -Z(XDATA).eep_FlashApp_Rfrcc                      #
#                            -Z(XDATA).eep_FlashApp_Spi                        #
#                            -Z(XDATA).eep_FlashApp_Sup                        #
#                            -Z(XDATA).eep_FlashApp_Timer0Wdt                  #
#                            -Z(XDATA).eep_FlashApp_LfRssiEndOfLineCalibration #
#                            Settings                                          #
#                            -Z(XDATA).eep_FlashApp_LfRssiSrcCalibrationSettin #
#                            g                                                 #
#                            -Z(XDATA).eep_wEepRfrccAddress                    #
#                            -Z(XDATA).eep_sCustomerEEPromSectionRKEPEPS=0060  #
#                            -Z(CODE).versions=0FFF0                           #
#                            -Z(CODE)CHECKSUM=(_..X_FLASH_END-1)               #
#                            -Z(DATA)TINY_I,TINY_Z,TINY_N=_..X_SRAM_BASE-_..X_ #
#                            SRAM_TEND                                         #
#                            -Z(DATA)NEAR_I,NEAR_Z,NEAR_N=_..X_SRAM_APPL_BASE- #
#                            _..X_SRAM_APPL_END                                #
#                            -Z(DATA)RSTACK+_..X_RSTACK_SIZE=_..X_STACK_BASE-_ #
#                            ..X_SRAM_END                                      #
#                            -Z(DATA)CSTACK+_..X_CSTACK_SIZE=_..X_STACK_BASE-_ #
#                            ..X_SRAM_END                                      #
#                            -Z(DATA)HEAP+_..X_HEAP_SIZE=_..X_SRAM_BASE-_..X_S #
#                            RAM_END                                           #
#                            -Z(DATA)IOSTREAM_N#_..X_SRAM_BASE-_..X_SRAM_END   #
#                            -Z(DATA)NEAR_HEAP+_..X_NEAR_HEAP_SIZE=_..X_SRAM_B #
#                            ASE-_..X_SRAM_END                                 #
#                            -Z(XDATA)EEPROM_I,EEPROM_N=0-_..X_EEPROM_END      #
#                            -e_PrintfSmall=_Printf                            #
#                            -e_small_write=_formatted_write                   #
#                            -e_small_write_P=_formatted_write_P               #
#                            -e_ScanfSmall=_Scanf                              #
#                            -e_medium_read=_formatted_read                    #
#                            -e_medium_read_P=_formatted_read_P -w29           #
#                            -DromVersion=(_..X_ROM_LIB_END-2)                 #
#                            -DromPatchVersion=(_..X_ROM_LIB_END-3)            #
#                            -Dg_bAoipTxBuffer=231 -Dg_bAoipRxBuffer=256       #
#                            -DATA_aesInit_C=2074 -DATA_aesSetConfig_C=20B8    #
#                            -DATA_aesTriggerKeyDma_C=20DE                     #
#                            -DATA_aesKeyLoad_C=2100                           #
#                            -DATA_aesEncryptData_C=2210                       #
#                            -DATA_aesDecryptData_C=2280                       #
#                            -DATA_aesLoadData_C=2320                          #
#                            -DATA_aesApplyPaddingScheme_C=2350                #
#                            -DATA_aesComplete_ISR_C=23BE                      #
#                            -DATA_5831GetRssiValue_C=2444                     #
#                            -DATA_5831StartRssiMeasurement_C=24F4             #
#                            -DATA_5831InitSramService_C=2588                  #
#                            -DATA_5831ReadTemperatureValue_C=2626             #
#                            -DATA_5831OffCommand_C=26C2                       #
#                            -DATA_5831SetVoltageMonitor_C=2724                #
#                            -DATA_5831TriggerEepromSecureWrite_C=27B6         #
#                            -DATA_5831SystemReset_C=2840                      #
#                            -DATA_5831CustomerConfigurableCommand_C=28A8      #
#                            -DATA_5831PatchSpi_C=2932                         #
#                            -DATA_5831CalibrateAndCheck_C=29C4                #
#                            -DATA_5831SetSystemMode_C=2A62                    #
#                            -DATA_5831WriteTxPreambleFifo_C=2B00              #
#                            -DATA_5831WriteTxFifo_C=2BA8                      #
#                            -DATA_5831ReadEeprom_C=2C50                       #
#                            -DATA_5831WriteEeprom_C=2D00                      #
#                            -DATA_5831ReadSramRegister_C=2DAA                 #
#                            -DATA_5831WriteSramRegister_C=2E6E                #
#                            -DATA_5831ReadRxFifo_C=2F28                       #
#                            -DATA_5831ReadFillLevelRxFifo_C=2FD6              #
#                            -DATA_5831ReadFillLevelTxFifo_C=306C              #
#                            -DATA_5831ReadFillLevelRssiFifo_C=3100            #
#                            -DATA_5831GetEventBytes_C=3192                    #
#                            -DATA_5831ReadRssiFifo_C=3210                     #
#                            -DATA_5831GetRomVersion_C=32BE                    #
#                            -DATA_5831GetFlashVersion_C=3352                  #
#                            -DATA_5831Init_C=33FA -DATA_5831Close_C=3446      #
#                            -DATA_5831Start_C=3462                            #
#                            -DATA_5831StartSckNssTimer_ASM=350E               #
#                            -DATA_5831CommandReady_ASM=354C                   #
#                            -DATA_5831CommandTimer1Isr_ASM=3572               #
#                            -DATA_5831ReadCommandFillTxFifo_ASM=3610          #
#                            -DATA_5831WriteCommandFillTxFifo_ASM=363C         #
#                            -DATA_5831CommandSpiFifoIsr_ASM=367C              #
#                            -DATA_5831ReadCommandReadRxFifo_ASM=373A          #
#                            -DATA_5831ReadCommandReadDummyRxFifo_ASM=3774     #
#                            -DATA_5831WriteCommandReadRxFifo_ASM=37AC         #
#                            -DATA_calibInit_C=37D0 -DATA_calibClose_C=3880    #
#                            -DATA_calibStartCalibration_C=389A                #
#                            -DATA_calibStartSrcCalibration_C=38F4             #
#                            -DATA_calibStartFrcCalibration_C=3A16             #
#                            -DATA_eepFuseRead_C=3B4A                          #
#                            -DATA_eepFuseWrite_C=3B88                         #
#                            -DATA_eepEEPaccessRightsChange_C=3BD6             #
#                            -DATA_eepFusesFix_C=3CEE                          #
#                            -DATA_eepReadBytes_C=3D0A                         #
#                            -DATA_eepWriteBytes_C=3D74                        #
#                            -DATA_globalsSetClk_C=3DEC                        #
#                            -DATA_globalsWdtDisable_C=3E02                    #
#                            -DATA_globalsWdtEnable_C=3E1C                     #
#                            -DATA_globalsSleep_C=3E34                         #
#                            -DATA_globalsClkSwitchFrc_C=3E4C                  #
#                            -DATA_globalsClkSwitchFrcWithDelay_C=3EA8         #
#                            -DATA_globalsClkSwitchMrc_C=3EBE                  #
#                            -DATA_globalsClkSwitchSrc_C=3EE6                  #
#                            -DATA_globalsClkSwitchExt_C=3F14                  #
#                            -DATA_globalsClkSwitchXTO_C=3F60                  #
#                            -DATA_globalsDeActivateXTO_C=3F9A                 #
#                            -DATA_globalsActivateXTO_C=3FB4                   #
#                            -DATA_globalsInitSramSpace_C=4008                 #
#                            -DATA_globalsCopySramSpace_C=4018                 #
#                            -DATA_globalsSetVoltageMonitor_C=402E             #
#                            -DATA_globalsInitDebug_C=4094                     #
#                            -DATA_globalsMulS8U8_ASM=40A2                     #
#                            -DATA_globalsWaitNus_ASM=40B2                     #
#                            -DATA_globalsMulU16U16_ASM=40BC                   #
#                            -DATA_initCheckWakeupSource_C=40EC                #
#                            -DATA_lfRssiInit_C=40FE -DATA_lfRssiOpen_C=4126   #
#                            -DATA_lfRssiClose_C=418A                          #
#                            -DATA_lfRssiSetEepromConfig_C=41D2                #
#                            -DATA_lfRssiMeasStart_C=4288                      #
#                            -DATA_lfRssiMeasStop_C=4390                       #
#                            -DATA_lfRssiGetAverageResult_C=43D2               #
#                            -DATA_lfRssiGetSamplesResult_C=446A               #
#                            -DATA_lfRssiCalcChanCalibVal_C=4516               #
#                            -DATA_lfRssiCalcChanCorr_C=45B0                   #
#                            -DATA_lfRssiCalc3dVec_C=46E6                      #
#                            -DATA_lfRssiCalcLog2Lin_C=47CC                    #
#                            -DATA_lfRssiCalcBappl_C=489E                      #
#                            -DATA_lfRssiNormalize12q4_C=48D0                  #
#                            -DATA_lfRssiMeasReady_ISR_C=495A                  #
#                            -DATA_lfRxInit_C=49E8 -DATA_rfTxInit_C=4A8E       #
#                            -DATA_rfTxClose_C=4B12                            #
#                            -DATA_rfTxFillDFifo_C=4B40                        #
#                            -DATA_rfTxFillSFifo_C=4B72                        #
#                            -DATA_rfTxStartTx_C=4BA4 -DATA_rfTxStop_C=4C50    #
#                            -DATA_rfTxProcessing_C=4C6A                       #
#                            -DATA_rfTxInitTxSSM_C=4C86                        #
#                            -DATA_rfTxWait4AVCC_C=4CF4                        #
#                            -DATA_rfTxInitFrontEnd_C=4D2A                     #
#                            -DATA_rfTxWait4XTO_C=4DFE                         #
#                            -DATA_rfTxStartTxBufSSM_C=4E40                    #
#                            -DATA_rfTxStartTxTransSSM_C=4E44                  #
#                            -DATA_rfTxStartSSM_C=4E48                         #
#                            -DATA_rfTxWait4SSMrdy_C=4EB8                      #
#                            -DATA_rfTxTransparentMode_C=4F56                  #
#                            -DATA_rfTxWait4FillLevel_C=4F58                   #
#                            -DATA_rfTxStartTxModulator_C=4F9C                 #
#                            -DATA_rfTxWait4TransmissionComplete_C=5000        #
#                            -DATA_rfTxShutdown_C=5052                         #
#                            -DATA_rfTxInitCurrentService_C=50D4               #
#                            -DATA_rfTxSFifoFillLevelReached_ISR_C=54B0        #
#                            -DATA_rfTxSFifoError_ISR_C=54D6                   #
#                            -DATA_rfTxDFifoFillLevelReached_ISR_C=5516        #
#                            -DATA_rfTxDFifoError_ISR_C=553C                   #
#                            -DATA_rfTxSsmRdy_ISR_C=556C                       #
#                            -DATA_rfTxModulatorTelegramFinish_ISR_C=5594      #
#                            -DATA_rfTxStartSsmWatchdog_C=560A                 #
#                            -DATA_rfTxStopSsmWatchdog_C=5622                  #
#                            -DATA_rfTxStartAnt_C=5626                         #
#                            -DATA_rfTxStopAnt_C=566A                          #
#                            -DATA_rfTxGetAntennaTuningResult_C=5686           #
#                            -DATA_rfTxStartAntSSM_C=568C                      #
#                            -DATA_rfTxWait4AntSSMrdy_C=5692                   #
#                            -DATA_rfTxStartVco_C=5720                         #
#                            -DATA_rfTxStopVco_C=5762                          #
#                            -DATA_rfTxGetVcoTuningResult_C=577E               #
#                            -DATA_rfTxInitVcoSSM_C=5784                       #
#                            -DATA_rfTxStartVcoSSM_C=57A8                      #
#                            -DATA_rfTxWait4VcoSSMrdy_C=57AE                   #
#                            -DATA_spiOpen_C=583C -DATA_spiClose_C=5870        #
#                            -DATA_spiDataExchange_C=588A                      #
#                            -DATA_spiTransfer_C=5896 -DATA_spiSelect_C=58E0   #
#                            -DATA_spiDeselect_C=58E6                          #
#                            -DATA_spiRxBufferHandler_ISR_ASM=58EA             #
#                            -DATA_spiRxBufferDisableInt_ASM=58FC              #
#                            -DATA_spiRxBufferEnd_ASM=5906                     #
#                            -DATA_spiTxBufferHandler_ISR_ASM=5910             #
#                            -DATA_spiTxBufferDisableInt_ASM=5922              #
#                            -DATA_spiTxBufferEnd_ASM=592C                     #
#                            -DATA_timer1Init_C=5936 -DATA_timer1Open_C=594E   #
#                            -DATA_timer1Close_C=59A6                          #
#                            -DATA_timer2Init_C=59B6 -DATA_timer2Open_C=59CE   #
#                            -DATA_timer2Close_C=5A26                          #
#                            -DATA_timer3Init_C=5A36 -DATA_timer3Open_C=5A56   #
#                            -DATA_timer3Close_C=5AC6                          #
#                            -DATA_timer4Init_C=5AD6 -DATA_timer4Open_C=5AF6   #
#                            -DATA_timer4Close_C=5B66                          #
#                            -DATA_timer5Init_C=5B76 -DATA_timer5Open_C=5B8E   #
#                            -DATA_timer5Close_C=5BFC                          #
#                            -DATA_tpSwitchAvrPhClock_C=1288                   #
#                            -Dg_sAesComponentData=22A -Dg_sAta5831=255        #
#                            -Dg_sCalibConfig=2A1                              #
#                            -Dg_sAtmelEEPromSection=880                       #
#                            -Dg_sCustomerEEPromSection=800 -Dg_sDebug=228     #
#                            -Dg_sLfRssi=294 -Dg_sLfRx=2AD -Dg_sRfTx=26A       #
#                            -Dg_sRfTxCurrentService=271                       #
#                            -Dg_sRfTxFlowCtrl=200                             #
#                            -Dg_pRfTxBufStateMachine=203                      #
#                            -Dg_pRfTxTransStateMachine=205                    #
#                            -Dg_bAntennaTuningResult=292                      #
#                            -Dg_pRfTxAntTuneStateMachine=207                  #
#                            -Dg_bVcoTuningResult=293                          #
#                            -Dg_pRfTxVcoTuneStateMachine=209                  #
#                            -Dg_sSpiConfig=24F -Dg_sTimer1=20B                #
#                            -Dg_sTimer2=210 -Dg_sTimer3=215 -Dg_sTimer4=21C   #
#                            -Dg_sTimer5=223) -Hff -J2,crc=8005,,,,1,0         #
#                            -Ointel-standard=C:\Users\C41045\Documents\CDB\Ap #
#                            ps\SW_Lib\Car_Access\CARS_GEN2\ATAB5702A\Branches #
#                            \P2P22_TXMODE_NXP\appl\appFlash\IAR\Debug\Exe\app #
#                            FLASH.hex                                         #
#                            -s __program_start                                #
#                            "C:\Program Files (x86)\IAR Systems\Embedded Work #
#                            bench 8.0\avr\LIB\CLIB\cl3s-ec_mul-sf.r90"        #
#                            -e_small_write=_formatted_write                   #
#                            -e_medium_read=_formatted_read)                   #
#                                                                              #
#                           Copyright (C) 1987-2016 IAR Systems AB.            #
################################################################################





                ****************************************
                *                                      *
                *           CROSS REFERENCE            *
                *                                      *
                ****************************************

       Program entry at : CODE      0000B6F2  Relocatable, from module : ?C_STARTUP




                ****************************************
                *                                      *
                *            RUNTIME MODEL             *
                *                                      *
                ****************************************

  R4              = REG
  R5              = REG
  __64bit_doubles = disabled
  __SystemLibrary = CLib
  __cpu           = 3
  __enhanced_core = enabled
  __has_elpm      = false
  __memory_model  = 2
  __rt_version    = 3
  __tiny_avr      = false
  __vtable_memory = __nearflash

                ****************************************
                *                                      *
                *    AUTOMATIC SYMBOL REDIRECTIONS     *
                *                                      *
                ****************************************

                  There are no automatic symbol redirections.

                ****************************************
                *                                      *
                *              ENTRY LIST              *
                *                                      *
                ****************************************

Module  Entry                                                               Address
------  -----                                                               -------
?ABS_ENTRY_MOD
        g_sTimer5                                                           CODE 00000223
        g_sTimer4                                                           CODE 0000021C
        g_sTimer3                                                           CODE 00000215
        g_sTimer2                                                           CODE 00000210
        g_sTimer1                                                           CODE 0000020B
        g_sSpiConfig                                                        CODE 0000024F
        g_pRfTxVcoTuneStateMachine                                          CODE 00000209
        g_bVcoTuningResult                                                  CODE 00000293
        g_pRfTxAntTuneStateMachine                                          CODE 00000207
        g_bAntennaTuningResult                                              CODE 00000292
        g_pRfTxTransStateMachine                                            CODE 00000205
        g_pRfTxBufStateMachine                                              CODE 00000203
        g_sRfTxFlowCtrl                                                     CODE 00000200
        g_sRfTxCurrentService                                               CODE 00000271
        g_sRfTx                                                             CODE 0000026A
        g_sLfRx                                                             CODE 000002AD
        g_sLfRssi                                                           CODE 00000294
        g_sDebug                                                            CODE 00000228
        g_sCustomerEEPromSection                                            CODE 00000800
        g_sAtmelEEPromSection                                               CODE 00000880
        g_sCalibConfig                                                      CODE 000002A1
        g_sAta5831                                                          CODE 00000255
        g_sAesComponentData                                                 CODE 0000022A
        ATA_tpSwitchAvrPhClock_C                                            CODE 00001288
        ATA_timer5Close_C                                                   CODE 00005BFC
        ATA_timer5Open_C                                                    CODE 00005B8E
        ATA_timer5Init_C                                                    CODE 00005B76
        ATA_timer4Close_C                                                   CODE 00005B66
        ATA_timer4Open_C                                                    CODE 00005AF6
        ATA_timer4Init_C                                                    CODE 00005AD6
        ATA_timer3Close_C                                                   CODE 00005AC6
        ATA_timer3Open_C                                                    CODE 00005A56
        ATA_timer3Init_C                                                    CODE 00005A36
        ATA_timer2Close_C                                                   CODE 00005A26
        ATA_timer2Open_C                                                    CODE 000059CE
        ATA_timer2Init_C                                                    CODE 000059B6
        ATA_timer1Close_C                                                   CODE 000059A6
        ATA_timer1Open_C                                                    CODE 0000594E
        ATA_timer1Init_C                                                    CODE 00005936
        ATA_spiTxBufferEnd_ASM                                              CODE 0000592C
        ATA_spiTxBufferDisableInt_ASM                                       CODE 00005922
        ATA_spiTxBufferHandler_ISR_ASM                                      CODE 00005910
        ATA_spiRxBufferEnd_ASM                                              CODE 00005906
        ATA_spiRxBufferDisableInt_ASM                                       CODE 000058FC
        ATA_spiRxBufferHandler_ISR_ASM                                      CODE 000058EA
        ATA_spiDeselect_C                                                   CODE 000058E6
        ATA_spiSelect_C                                                     CODE 000058E0
        ATA_spiTransfer_C                                                   CODE 00005896
        ATA_spiDataExchange_C                                               CODE 0000588A
        ATA_spiClose_C                                                      CODE 00005870
        ATA_spiOpen_C                                                       CODE 0000583C
        ATA_rfTxWait4VcoSSMrdy_C                                            CODE 000057AE
        ATA_rfTxStartVcoSSM_C                                               CODE 000057A8
        ATA_rfTxInitVcoSSM_C                                                CODE 00005784
        ATA_rfTxGetVcoTuningResult_C                                        CODE 0000577E
        ATA_rfTxStopVco_C                                                   CODE 00005762
        ATA_rfTxStartVco_C                                                  CODE 00005720
        ATA_rfTxWait4AntSSMrdy_C                                            CODE 00005692
        ATA_rfTxStartAntSSM_C                                               CODE 0000568C
        ATA_rfTxGetAntennaTuningResult_C                                    CODE 00005686
        ATA_rfTxStopAnt_C                                                   CODE 0000566A
        ATA_rfTxStartAnt_C                                                  CODE 00005626
        ATA_rfTxStopSsmWatchdog_C                                           CODE 00005622
        ATA_rfTxStartSsmWatchdog_C                                          CODE 0000560A
        ATA_rfTxModulatorTelegramFinish_ISR_C                               CODE 00005594
        ATA_rfTxSsmRdy_ISR_C                                                CODE 0000556C
        ATA_rfTxDFifoError_ISR_C                                            CODE 0000553C
        ATA_rfTxDFifoFillLevelReached_ISR_C                                 CODE 00005516
        ATA_rfTxSFifoError_ISR_C                                            CODE 000054D6
        ATA_rfTxSFifoFillLevelReached_ISR_C                                 CODE 000054B0
        ATA_rfTxInitCurrentService_C                                        CODE 000050D4
        ATA_rfTxShutdown_C                                                  CODE 00005052
        ATA_rfTxWait4TransmissionComplete_C                                 CODE 00005000
        ATA_rfTxStartTxModulator_C                                          CODE 00004F9C
        ATA_rfTxWait4FillLevel_C                                            CODE 00004F58
        ATA_rfTxTransparentMode_C                                           CODE 00004F56
        ATA_rfTxWait4SSMrdy_C                                               CODE 00004EB8
        ATA_rfTxStartSSM_C                                                  CODE 00004E48
        ATA_rfTxStartTxTransSSM_C                                           CODE 00004E44
        ATA_rfTxStartTxBufSSM_C                                             CODE 00004E40
        ATA_rfTxWait4XTO_C                                                  CODE 00004DFE
        ATA_rfTxInitFrontEnd_C                                              CODE 00004D2A
        ATA_rfTxWait4AVCC_C                                                 CODE 00004CF4
        ATA_rfTxInitTxSSM_C                                                 CODE 00004C86
        ATA_rfTxProcessing_C                                                CODE 00004C6A
        ATA_rfTxStop_C                                                      CODE 00004C50
        ATA_rfTxStartTx_C                                                   CODE 00004BA4
        ATA_rfTxFillSFifo_C                                                 CODE 00004B72
        ATA_rfTxFillDFifo_C                                                 CODE 00004B40
        ATA_rfTxClose_C                                                     CODE 00004B12
        ATA_rfTxInit_C                                                      CODE 00004A8E
        ATA_lfRxInit_C                                                      CODE 000049E8
        ATA_lfRssiMeasReady_ISR_C                                           CODE 0000495A
        ATA_lfRssiNormalize12q4_C                                           CODE 000048D0
        ATA_lfRssiCalcBappl_C                                               CODE 0000489E
        ATA_lfRssiCalcLog2Lin_C                                             CODE 000047CC
        ATA_lfRssiCalc3dVec_C                                               CODE 000046E6
        ATA_lfRssiCalcChanCorr_C                                            CODE 000045B0
        ATA_lfRssiCalcChanCalibVal_C                                        CODE 00004516
        ATA_lfRssiGetSamplesResult_C                                        CODE 0000446A
        ATA_lfRssiGetAverageResult_C                                        CODE 000043D2
        ATA_lfRssiMeasStop_C                                                CODE 00004390
        ATA_lfRssiMeasStart_C                                               CODE 00004288
        ATA_lfRssiSetEepromConfig_C                                         CODE 000041D2
        ATA_lfRssiClose_C                                                   CODE 0000418A
        ATA_lfRssiOpen_C                                                    CODE 00004126
        ATA_lfRssiInit_C                                                    CODE 000040FE
        ATA_initCheckWakeupSource_C                                         CODE 000040EC
        ATA_globalsMulU16U16_ASM                                            CODE 000040BC
        ATA_globalsWaitNus_ASM                                              CODE 000040B2
        ATA_globalsMulS8U8_ASM                                              CODE 000040A2
        ATA_globalsInitDebug_C                                              CODE 00004094
        ATA_globalsSetVoltageMonitor_C                                      CODE 0000402E
        ATA_globalsCopySramSpace_C                                          CODE 00004018
        ATA_globalsInitSramSpace_C                                          CODE 00004008
        ATA_globalsActivateXTO_C                                            CODE 00003FB4
        ATA_globalsDeActivateXTO_C                                          CODE 00003F9A
        ATA_globalsClkSwitchXTO_C                                           CODE 00003F60
        ATA_globalsClkSwitchExt_C                                           CODE 00003F14
        ATA_globalsClkSwitchSrc_C                                           CODE 00003EE6
        ATA_globalsClkSwitchMrc_C                                           CODE 00003EBE
        ATA_globalsClkSwitchFrcWithDelay_C                                  CODE 00003EA8
        ATA_globalsClkSwitchFrc_C                                           CODE 00003E4C
        ATA_globalsSleep_C                                                  CODE 00003E34
        ATA_globalsWdtEnable_C                                              CODE 00003E1C
        ATA_globalsWdtDisable_C                                             CODE 00003E02
        ATA_globalsSetClk_C                                                 CODE 00003DEC
        ATA_eepWriteBytes_C                                                 CODE 00003D74
        ATA_eepReadBytes_C                                                  CODE 00003D0A
        ATA_eepFusesFix_C                                                   CODE 00003CEE
        ATA_eepEEPaccessRightsChange_C                                      CODE 00003BD6
        ATA_eepFuseWrite_C                                                  CODE 00003B88
        ATA_eepFuseRead_C                                                   CODE 00003B4A
        ATA_calibStartFrcCalibration_C                                      CODE 00003A16
        ATA_calibStartSrcCalibration_C                                      CODE 000038F4
        ATA_calibStartCalibration_C                                         CODE 0000389A
        ATA_calibClose_C                                                    CODE 00003880
        ATA_calibInit_C                                                     CODE 000037D0
        ATA_5831WriteCommandReadRxFifo_ASM                                  CODE 000037AC
        ATA_5831ReadCommandReadDummyRxFifo_ASM                              CODE 00003774
        ATA_5831ReadCommandReadRxFifo_ASM                                   CODE 0000373A
        ATA_5831CommandSpiFifoIsr_ASM                                       CODE 0000367C
        ATA_5831WriteCommandFillTxFifo_ASM                                  CODE 0000363C
        ATA_5831ReadCommandFillTxFifo_ASM                                   CODE 00003610
        ATA_5831CommandTimer1Isr_ASM                                        CODE 00003572
        ATA_5831CommandReady_ASM                                            CODE 0000354C
        ATA_5831StartSckNssTimer_ASM                                        CODE 0000350E
        ATA_5831Start_C                                                     CODE 00003462
        ATA_5831Close_C                                                     CODE 00003446
        ATA_5831Init_C                                                      CODE 000033FA
        ATA_5831GetFlashVersion_C                                           CODE 00003352
        ATA_5831GetRomVersion_C                                             CODE 000032BE
        ATA_5831ReadRssiFifo_C                                              CODE 00003210
        ATA_5831GetEventBytes_C                                             CODE 00003192
        ATA_5831ReadFillLevelRssiFifo_C                                     CODE 00003100
        ATA_5831ReadFillLevelTxFifo_C                                       CODE 0000306C
        ATA_5831ReadFillLevelRxFifo_C                                       CODE 00002FD6
        ATA_5831ReadRxFifo_C                                                CODE 00002F28
        ATA_5831WriteSramRegister_C                                         CODE 00002E6E
        ATA_5831ReadSramRegister_C                                          CODE 00002DAA
        ATA_5831WriteEeprom_C                                               CODE 00002D00
        ATA_5831ReadEeprom_C                                                CODE 00002C50
        ATA_5831WriteTxFifo_C                                               CODE 00002BA8
        ATA_5831WriteTxPreambleFifo_C                                       CODE 00002B00
        ATA_5831SetSystemMode_C                                             CODE 00002A62
        ATA_5831CalibrateAndCheck_C                                         CODE 000029C4
        ATA_5831PatchSpi_C                                                  CODE 00002932
        ATA_5831CustomerConfigurableCommand_C                               CODE 000028A8
        ATA_5831SystemReset_C                                               CODE 00002840
        ATA_5831TriggerEepromSecureWrite_C                                  CODE 000027B6
        ATA_5831SetVoltageMonitor_C                                         CODE 00002724
        ATA_5831OffCommand_C                                                CODE 000026C2
        ATA_5831ReadTemperatureValue_C                                      CODE 00002626
        ATA_5831InitSramService_C                                           CODE 00002588
        ATA_5831StartRssiMeasurement_C                                      CODE 000024F4
        ATA_5831GetRssiValue_C                                              CODE 00002444
        ATA_aesComplete_ISR_C                                               CODE 000023BE
        ATA_aesApplyPaddingScheme_C                                         CODE 00002350
        ATA_aesLoadData_C                                                   CODE 00002320
        ATA_aesDecryptData_C                                                CODE 00002280
        ATA_aesEncryptData_C                                                CODE 00002210
        ATA_aesKeyLoad_C                                                    CODE 00002100
        ATA_aesTriggerKeyDma_C                                              CODE 000020DE
        ATA_aesSetConfig_C                                                  CODE 000020B8
        ATA_aesInit_C                                                       CODE 00002074
        g_bAoipRxBuffer                                                     CODE 00000256
        g_bAoipTxBuffer                                                     CODE 00000231
        romPatchVersion                                                     CODE 00006BFC
        romVersion                                                          CODE 00006BFD
        _..X_NEAR_HEAP_SIZE                                                 CODE 00000000
        _..X_HEAP_SIZE                                                      CODE 00000000
        _..X_RSTACK_SIZE                                                    CODE 00000038
        _..X_CSTACK_SIZE                                                    CODE 00000030
        _..X_STACK_BASE                                                     CODE 00000598
        _..X_SRAM_APPL_END                                                  CODE 00000597
        _..X_SRAM_APPL_BASE                                                 CODE 000002F6
        _..X_EEPROM_END                                                     CODE 0000097F
        _..X_SRAM_END                                                       CODE 000005FF
        _..X_SRAM_TEND                                                      CODE 00000200
        _..X_SRAM_BASE                                                      CODE 00000200
        _..X_FLASH_ENTRY_SIZE                                               CODE 00000004
        _..X_FLASH_END                                                      CODE 0000FFFF
        _..X_FLASH_START                                                    CODE 00008000
        _..X_ROM_ATE_START                                                  CODE 00006C00
        _..X_ROM_LIB_END                                                    CODE 00006BFF
        _..X_ROM_LIB_START                                                  CODE 00002000
        _..X_ROM_IMMO_END                                                   CODE 00001FFF
        _..X_ROM_END                                                        CODE 00007FFF
        _..X_ROM_NEND                                                       CODE 00007FFF
        _..X_ROM_TEND                                                       CODE 000000FF
        _..X_INTVEC_SIZE                                                    CODE 000000CC
ata5700_command_set_asm ( C:\Users\C41045\Documents\CDB\Apps\SW_Lib\Car_Access\CARS_GEN2\ATAB5702A\Branches\P2P22_TXMODE_NXP\appl\appFlash\IAR\Debug\Obj\ata5700_command_set_asm_flash.r90 )
        ATA_spiSerialTransferCompleteHandler_ASM                            CODE 000081B8
        ATA_interrupt0Handler_ASM                                           CODE 0000871E
        JMPTABLE                                                            CODE 00008180
        SPI_READY                                                           CODE 000081D2
        INVALIDCMD                                                          CODE 0000871C
        READ_FILL_LEVEL_TX_BUFFER                                           CODE 000081E4
        READ_FILL_LEVEL_RSSI_BUFFER                                         CODE 000081EC
        READ_RSSI_BUFFER                                                    CODE 000081F4
        READ_RX_BUFFER                                                      CODE 00008290
        WRITE_REGISTER_SRAM                                                 CODE 0000832C
        READ_REGISTER_SRAM                                                  CODE 000083B4
        WRITE_EEPROM                                                        CODE 00008440
        READ_EEPROM                                                         CODE 0000846E
        WRITE_TX_BUFFER                                                     CODE 000084A2
        WRITE_TX_PREAMBLE_BUFFER                                            CODE 00008522
        SET_SYSTEM_MODE                                                     CODE 000085A2
        CALIBRATE_AND_CHECK                                                 CODE 000085D4
        PATCH_SPI                                                           CODE 000085F8
        GET_ROM_VERSION                                                     CODE 00008616
        GET_FLASH_VERSION                                                   CODE 00008620
        SYSTEM_RESET                                                        CODE 00008656
        SET_VOLTAGE_MONITOR                                                 CODE 00008664
        OFF_COMMAND                                                         CODE 000086D6
        INIT_SRAM_SERVICE                                                   CODE 000086F6
        VALIDSPICMD                                                         CODE 000081CA
        READ_RSSI_BUFFER_LEN                                                CODE 0000820C
        READ_RSSI_BUFFER_DATA                                               CODE 0000824C
        BREAK_READ_RSSI_BUFFER_DATA                                         CODE 0000827E
        LOOP_READ_RSSI_BUFFER_DATA                                          CODE 00008266
        READ_RX_BUFFER_LEN                                                  CODE 000082A8
        READ_RX_BUFFER_DATA                                                 CODE 000082E8
        BREAK_READ_RX_BUFFER_DATA                                           CODE 0000831A
        LOOP_READ_RX_BUFFER_DATA                                            CODE 00008302
        WRITE_REGISTER_SRAM_LENGTH                                          CODE 00008346
        SKIP_WRITE_REGISTER_SRAM_LENGTH                                     CODE 0000835E
        WRITE_REGISTER_SRAM_DATA                                            CODE 00008374
        LOOP_WRITE_REGISTER_SRAM_DATA                                       CODE 00008384
        BREAK_WRITE_REGISTER_SRAM_DATA                                      CODE 000083A8
        SKIP_WRITE_REGISTER_SRAM_DATA                                       CODE 000083A6
        READ_REGISTER_SRAM_LENGTH                                           CODE 000083D0
        READ_REGISTER_SRAM_DATA                                             CODE 00008402
        BREAK_READ_REGISTER_SRAM_DATA                                       CODE 00008434
        LOOP_READ_REGISTER_SRAM_DATA                                        CODE 00008416
        WRITE_EEPROM_DATA                                                   CODE 0000845A
        READ_EEPROM_DATA                                                    CODE 0000848C
        EEPROM_BUSY                                                         CODE 00008488
        WRITE_TX_BUFFER_LENGTH                                              CODE 000084BA
        SKIP_WRITE_TX_BUFFER_LENGTH                                         CODE 000084C6
        WRITE_TX_BUFFER_DATA                                                CODE 000084DC
        LOOP_WRITE_TX_BUFFER_DATA                                           CODE 000084F2
        BREAK_WRITE_TX_BUFFER_DATA                                          CODE 00008510
        SKIP_WRITE_TX_BUFFER_DATA                                           CODE 0000850E
        WRITE_TX_PREAMBLE_BUFFER_LENGTH                                     CODE 0000853A
        SKIP_WRITE_TX_PREAMBLE_BUFFER_LENGTH                                CODE 00008546
        WRITE_TX_PREAMBLE_BUFFER_DATA                                       CODE 0000855C
        LOOP_WRITE_TX_PREAMBLE_BUFFER_DATA                                  CODE 00008572
        BREAK_WRITE_TX_PREAMBLE_BUFFER_DATA                                 CODE 00008590
        SKIP_WRITE_TX_PREAMBLE_BUFFER_DATA                                  CODE 0000858E
        SET_SYSTEM_MODE_DATA                                                CODE 000085BA
        CALIBRATE_AND_CHECK_DATA                                            CODE 000085E8
        PATCH_SPI_DATA                                                      CODE 0000860C
        GET_FLASH_VERSION_DATA                                              CODE 0000863C
        CPYLOOPBUF                                                          CODE 00008646
        ENDLESSLOOP                                                         CODE 00008662
        SET_VOLTAGE_MONITOR_DATA                                            CODE 00008678
        VOLTAGE_MONITOR_ENABLED                                             CODE 0000868A
        OFF_COMMAND_WAIT_NVMBSY                                             CODE 000086E8
        INIT_SRAM_SERVICE_DATA                                              CODE 0000870A
        SPI_SS_LOW                                                          CODE 0000874A
        SPI_SS_HIGH                                                         CODE 0000872A
        INT0_END                                                            CODE 00008772
ata5700_command_set_flash ( C:\Users\C41045\Documents\CDB\Apps\SW_Lib\Car_Access\CARS_GEN2\ATAB5702A\Branches\P2P22_TXMODE_NXP\appl\appFlash\IAR\Debug\Obj\ata5700_command_set_flash.r90 )
        g_sAta5700_flash                                                    DATA 000003C0
        patchSpi                                                            DATA 000003CE
        extReq                                                              DATA 000003D0
        trxConf                                                             DATA 000003D8
        g_sRfRemoteKeylessEntryConf                                         DATA 000003DB
        ATA_5700InitCommandSet_flash_C                                      CODE 0000877C
        ATA_5700CommandRequest_flash_C                                      CODE 0000896A
        __?EECR                                                             DATA 0000001C
        __?EEDR                                                             DATA 0000001D
        __?EEARL                                                            DATA 0000001E
        __?EEARH                                                            DATA 0000001F
        ATA_triggerFrcCalibration_flash_C                                   CODE 000087F0
        ATA_triggerSrcCalibration_flash_C                                   CODE 00008828
        ATA_5700convertTrxConf2rfTxService_flash_C                          CODE 00008860
        ATA_5700convertTrxConf2rfTxConfig_flash_C                           CODE 00008878
        ATA_5700rfTxCalibrationRequest_flash_C                              CODE 0000889C
        ?Subroutine0                                                        CODE 000088F6
        ATA_5700systemModeSwitching_flash_C                                 CODE 000088FA
eep_flash ( C:\Users\C41045\Documents\CDB\Apps\SW_Lib\Car_Access\CARS_GEN2\ATAB5702A\Branches\P2P22_TXMODE_NXP\appl\appFlash\IAR\Debug\Obj\eep_flash.r90 )
        g_sEepFlashAppEventHandling_flash                                   XDATA 00000410
        g_sEepFlashAppClk_flash                                             XDATA 0000041D
        g_sEepFlashAppCpu_flash                                             XDATA 00000423
        g_sEepFlashAppDebounce_flash                                        XDATA 00000425
        g_sEepFlashAppDebug_flash                                           XDATA 0000042A
        g_sEepFlashAppInt_flash                                             XDATA 0000042C
        g_sEepFlashAppLfRssiEndOfLineCalibrationSettings_flash              XDATA 0000043C
        wEepRfrccAddress                                                    XDATA 0000044C
        g_bEepFlashAppLfRssiSrcCalibrationSetting_flash                     XDATA 0000044B
        g_sEepFlashAppPortB_flash                                           XDATA 00000431
        g_sEepFlashAppPortC_flash                                           XDATA 00000433
        g_sEepFlashAppPortD_flash                                           XDATA 00000435
        g_sEepFlashAppSpi_flash                                             XDATA 00000437
        g_sEepFlashAppSup_flash                                             XDATA 00000439
        g_sEepFlashAppTimer0Wdt_flash                                       XDATA 0000043B
        g_sEepFlashApp_RKEPEPS                                              XDATA 00000060
        g_EepFlashApp_USRID                                                 XDATA 000008B0
        g_EepFlashApp_PARAMdata                                             XDATA 00000580
        __?EECR                                                              NOT NEEDED
        __?EEDR                                                              NOT NEEDED
        __?EEARL                                                             NOT NEEDED
        __?EEARH                                                             NOT NEEDED
extif_asm_flash ( C:\Users\C41045\Documents\CDB\Apps\SW_Lib\Car_Access\CARS_GEN2\ATAB5702A\Branches\P2P22_TXMODE_NXP\appl\appFlash\IAR\Debug\Obj\extif_asm_flash.r90 )
        ATA_pinChangeInterrupt0Handler_ISR_ASM                              CODE 000089C0
        ATA_pinChangeInterrupt1Handler_ISR_ASM                              CODE 000089E0
        ATA_portB_flash_ASM                                                 CODE 00008A00
        ATA_portD_flash_ASM                                                 CODE 00008A2C
        t                                                                   CODE 00000000
        PORTB_ISR_END                                                       CODE 00008A2A
        PORTD_ISR_END                                                       CODE 00008A56
extif_flash ( C:\Users\C41045\Documents\CDB\Apps\SW_Lib\Car_Access\CARS_GEN2\ATAB5702A\Branches\P2P22_TXMODE_NXP\appl\appFlash\IAR\Debug\Obj\extif_flash.r90 )
        _A_PINB                                                             DATA 00000023
        _A_PIND                                                             DATA 00000029
        g_sExtIf                                                            DATA 00000336
        ATA_initExtIf_flash_C                                               CODE 00008A58
        __?EECR                                                              NOT NEEDED
        __?EEDR                                                              NOT NEEDED
        __?EEARL                                                             NOT NEEDED
        __?EEARH                                                             NOT NEEDED
        PINB                                                                DATA 00000023
        PIND                                                                DATA 00000029
FlashAppl ( C:\Users\C41045\Documents\CDB\Apps\SW_Lib\Car_Access\CARS_GEN2\ATAB5702A\Branches\P2P22_TXMODE_NXP\appl\appFlash\IAR\Debug\Obj\FlashAppl.r90 )
        _A_GPIOR0                                                           DATA 00000020
        _A_PRR1                                                             DATA 00000021
        _A_PORTC                                                            DATA 00000028
        _A_PIND                                                              NOT NEEDED
        _A_MCUCR                                                            DATA 0000002E
        _A_PCICR                                                            DATA 00000046
        _A_MCUSR                                                            DATA 0000004B
        _A_T0IFR                                                            DATA 00000052
        _A_T0CR                                                             DATA 00000162
        _A_LFCPR                                                            DATA 0000018E
        ID0_Wake                                                            DATA 00000473
        ID1_Wake                                                            DATA 00000474
        LF_DecErrFlag                                                       DATA 00000475
        gFlashApplState                                                     DATA 00000476
        gFlashApplVars                                                      DATA 0000047A
        main                                                                CODE 00008A72
        __?EECR                                                              NOT NEEDED
        __?EEDR                                                              NOT NEEDED
        __?EEARL                                                             NOT NEEDED
        __?EEARH                                                             NOT NEEDED
        ?<Segment init: NEAR_Z>                                             CODE 0000811C
        GPIOR0                                                              DATA 00000020
        PRR1                                                                DATA 00000021
        PORTC                                                               DATA 00000028
        PIND                                                                DATA 00000029
        MCUCR                                                               DATA 0000002E
        PCICR                                                               DATA 00000046
        MCUSR                                                               DATA 0000004B
        T0IFR                                                               DATA 00000052
        T0CR                                                                DATA 00000162
        LFCPR                                                               DATA 0000018E
        flashVersion                                                        CODE 0000FFF0
        customerVersion                                                     CODE 0000FFF2
FlashApplAES ( C:\Users\C41045\Documents\CDB\Apps\SW_Lib\Car_Access\CARS_GEN2\ATAB5702A\Branches\P2P22_TXMODE_NXP\appl\appFlash\IAR\Debug\Obj\FlashApplAES.r90 )
        ATA_FlashAppMsgEncrypt                                               NOT NEEDED
        __?EECR                                                              NOT NEEDED
        __?EEDR                                                              NOT NEEDED
        __?EEARL                                                             NOT NEEDED
        __?EEARH                                                             NOT NEEDED
FlashApplInOut ( C:\Users\C41045\Documents\CDB\Apps\SW_Lib\Car_Access\CARS_GEN2\ATAB5702A\Branches\P2P22_TXMODE_NXP\appl\appFlash\IAR\Debug\Obj\FlashApplInOut.r90 )
        SendShortCommand                                                    CODE 00008C00
        SendLongCommand                                                     CODE 00008C12
        ATA_Flash_RKEbuttonfilter                                           CODE 00008C42
        __?EECR                                                              NOT NEEDED
        __?EEDR                                                              NOT NEEDED
        __?EEARL                                                             NOT NEEDED
        __?EEARH                                                             NOT NEEDED
        ?<Segment init: NEAR_Z>                                              NOT NEEDED
        FilterCount                                                         DATA 0000047D
        NoPressCount                                                        DATA 0000047E
        ?Subroutine0                                                        CODE 00008C0C
FlashApplLF ( C:\Users\C41045\Documents\CDB\Apps\SW_Lib\Car_Access\CARS_GEN2\ATAB5702A\Branches\P2P22_TXMODE_NXP\appl\appFlash\IAR\Debug\Obj\FlashApplLF.r90 )
        _A_RSCR                                                             DATA 000001B0
        _A_RSSR                                                             DATA 000001B1
        _A_RSMS1R                                                           DATA 000001B2
        _A_RSFR                                                             DATA 000001B4
        _A_RSRES1L                                                          DATA 000001B8
        _A_RSRES1H                                                          DATA 000001B9
        _A_RSRES2L                                                          DATA 000001BA
        _A_RSRES2H                                                          DATA 000001BB
        _A_RSRES3L                                                          DATA 000001BC
        _A_RSRES3H                                                          DATA 000001BD
        _A_RSRES4L                                                          DATA 000001BE
        _A_RSRES4H                                                          DATA 000001BF
        ATA_StartRssi_flash_C                                               CODE 00008CCC
        ATA_lfRssiCalcCorr_C                                                CODE 00008D04
        CalcLinVector                                                       CODE 00008DAC
        app_rssi_load_factors                                               CODE 00008EE2
        __?EECR                                                              NOT NEEDED
        __?EEDR                                                              NOT NEEDED
        __?EEARL                                                             NOT NEEDED
        __?EEARH                                                             NOT NEEDED
        RSCR                                                                DATA 000001B0
        RSSR                                                                DATA 000001B1
        RSMS1R                                                              DATA 000001B2
        RSFR                                                                DATA 000001B4
        RSRES1L                                                             DATA 000001B8
        RSRES1H                                                             DATA 000001B9
        RSRES2L                                                             DATA 000001BA
        RSRES2H                                                             DATA 000001BB
        RSRES3L                                                             DATA 000001BC
        RSRES3H                                                             DATA 000001BD
        RSRES4L                                                             DATA 000001BE
        RSRES4H                                                             DATA 000001BF
FlashApplPEPS ( C:\Users\C41045\Documents\CDB\Apps\SW_Lib\Car_Access\CARS_GEN2\ATAB5702A\Branches\P2P22_TXMODE_NXP\appl\appFlash\IAR\Debug\Obj\FlashApplPEPS.r90 )
        _A_PORTC                                                             NOT NEEDED
        _A_LDFFL                                                            DATA 00000038
        _A_LDFD                                                             DATA 00000039
        _A_PRR0                                                             DATA 0000003A
        _A_AESCR                                                            DATA 0000003D
        _A_AESSR                                                            DATA 0000003E
        _A_LDFCKSW                                                          DATA 00000049
        _A_VMSCR                                                            DATA 0000004A
        _A_LFCR0                                                            DATA 0000004F
        _A_LFCR1                                                            DATA 00000050
        _A_LFCR2                                                            DATA 0000005A
        _A_LFCR3                                                            DATA 0000005B
        _A_AESDR                                                            DATA 00000181
        _A_PHID00                                                           DATA 00000190
        _A_PHID01                                                           DATA 00000191
        _A_PHID02                                                           DATA 00000192
        _A_PHID03                                                           DATA 00000193
        _A_PHID0L                                                           DATA 00000194
        _A_PHID10                                                           DATA 00000195
        _A_PHID11                                                           DATA 00000196
        _A_PHID12                                                           DATA 00000197
        _A_PHID13                                                           DATA 00000198
        _A_PHID1L                                                           DATA 00000199
        _A_PHIDFR                                                           DATA 0000019A
        _A_LFSYSY0                                                          DATA 0000019B
        _A_LFSYLE                                                           DATA 0000019F
        _A_PHTBLR                                                           DATA 000001A4
        _A_LTEMR                                                            DATA 000001A6
        _A_LFQC3                                                            DATA 000001A7
        _A_LFQC2                                                            DATA 000001A8
        _A_LFQC1                                                            DATA 000001A9
        _A_RSMS1R                                                            NOT NEEDED
        _A_RSRES1L                                                           NOT NEEDED
        _A_RSRES1H                                                           NOT NEEDED
        _A_RSRES2L                                                           NOT NEEDED
        _A_RSRES2H                                                           NOT NEEDED
        _A_RSRES3L                                                           NOT NEEDED
        _A_RSRES3H                                                           NOT NEEDED
        _A_SD12RR                                                           DATA 000001C1
        _A_SD13RR                                                           DATA 000001C2
        _A_SD23RR                                                           DATA 000001C3
        _A_SD360R                                                           DATA 000001C4
        _A_LDFC                                                             DATA 000001D7
        _A_PHIMR                                                            DATA 000001D8
        _A_VMCR                                                             DATA 000001E6
        gLfMessageReceived                                                   NOT NEEDED
        gLfRxData                                                            NOT NEEDED
[...]
        exit                                                                CODE 0000B6EC
?RESET ( C:\Program Files (x86)\IAR Systems\Embedded Workbench 8.0\avr\LIB\CLIB\cl3s-ec_mul-sf.r90 )
        ?RESET                                                              CODE 00008000
?C_STARTUP ( C:\Program Files (x86)\IAR Systems\Embedded Workbench 8.0\avr\LIB\CLIB\cl3s-ec_mul-sf.r90 )
        __program_start                                                     CODE 0000B6F2
        ?C_STARTUP                                                          CODE 0000B6F2
        __RESTART                                                           CODE 0000B6F2
        __RSTACK_in_external_ram                                             NOT NEEDED
        __RSTACK_in_external_ram_new_way                                     NOT NEEDED
        ?zero_reg_initialization                                             NOT NEEDED
        ?call_low_level_init                                                CODE 0000B6FE
        ?need_segment_init                                                  CODE 0000B702
        ?cstartup_call_main                                                 CODE 0000B70A
?S_EC_MUL_L02 ( C:\Program Files (x86)\IAR Systems\Embedded Workbench 8.0\avr\LIB\CLIB\cl3s-ec_mul-sf.r90 )
        ?S_EC_MUL_L02                                                       CODE 0000B716
?L_EC_MUL_L03 ( C:\Program Files (x86)\IAR Systems\Embedded Workbench 8.0\avr\LIB\CLIB\cl3s-ec_mul-sf.r90 )
        ?L_EC_MUL_L03                                                        NOT NEEDED
?UL_DIVMOD_L03 ( C:\Program Files (x86)\IAR Systems\Embedded Workbench 8.0\avr\LIB\CLIB\cl3s-ec_mul-sf.r90 )
        ?UL_DIVMOD_S_L03                                                     NOT NEEDED
        ?UL_DIVMOD_L03                                                       NOT NEEDED
?MOVE_LONG_L07 ( C:\Program Files (x86)\IAR Systems\Embedded Workbench 8.0\avr\LIB\CLIB\cl3s-ec_mul-sf.r90 )
        ?ML_SRAM_SRAM_16_L07                                                CODE 0000B726
        ?ML_FLASH_SRAM_16EC_16_L07                                           NOT NEEDED
        ?ML_GENERIC24_SRAM_L07                                               NOT NEEDED
        ?ML_SRAM_GENERIC24_L07                                               NOT NEEDED
        ?ML_FLASH_GENERIC24_L07                                              NOT NEEDED
        ?ML_GENERIC_GENERIC_24_L07                                           NOT NEEDED
        ?ML_GENERIC24_FARG_L07                                               NOT NEEDED
        ?LONG_FARG_8_L07                                                     NOT NEEDED
        ?LONG_FARG_16_L07                                                    NOT NEEDED
        ?LONG_FARG_24_L07                                                    NOT NEEDED
        ?FLASH_FARG_8_L07                                                    NOT NEEDED
        ?FLASH_FARG_16_L07                                                   NOT NEEDED
        ?MEMCLR_8_L07                                                        NOT NEEDED
        ?MEMCLR_16_L07                                                       NOT NEEDED
?PROLOGUE_L09 ( C:\Program Files (x86)\IAR Systems\Embedded Workbench 8.0\avr\LIB\CLIB\cl3s-ec_mul-sf.r90 )
        ?PROLOGUE16_L09                                                      NOT NEEDED
        ?PROLOGUE15_L09                                                      NOT NEEDED
        ?PROLOGUE14_L09                                                      NOT NEEDED
        ?PROLOGUE13_L09                                                      NOT NEEDED
        ?PROLOGUE12_L09                                                      NOT NEEDED
        ?PROLOGUE11_L09                                                      NOT NEEDED
        ?PROLOGUE10_L09                                                      NOT NEEDED
        ?PROLOGUE9_L09                                                       NOT NEEDED
        ?PROLOGUE8_L09                                                       NOT NEEDED
        ?PROLOGUE7_L09                                                       NOT NEEDED
        ?PROLOGUE6_L09                                                      CODE 0000B73C
        ?PROLOGUE5_L09                                                      CODE 0000B73E
        ?PROLOGUE4_L09                                                      CODE 0000B740
        ?PROLOGUE3_L09                                                      CODE 0000B742
        ?PROLOGUE2_L09                                                      CODE 0000B744
        ?PROLOGUE1_L09                                                      CODE 0000B746
?EPILOGUE_B_L09 ( C:\Program Files (x86)\IAR Systems\Embedded Workbench 8.0\avr\LIB\CLIB\cl3s-ec_mul-sf.r90 )
        ?EPILOGUE_B16_L09                                                    NOT NEEDED
        ?EPILOGUE_B15_L09                                                    NOT NEEDED
        ?EPILOGUE_B14_L09                                                    NOT NEEDED
        ?EPILOGUE_B13_L09                                                    NOT NEEDED
        ?EPILOGUE_B12_L09                                                    NOT NEEDED
        ?EPILOGUE_B11_L09                                                    NOT NEEDED
        ?EPILOGUE_B10_L09                                                    NOT NEEDED
        ?EPILOGUE_B9_L09                                                     NOT NEEDED
        ?EPILOGUE_B8_L09                                                     NOT NEEDED
        ?EPILOGUE_B7_L09                                                     NOT NEEDED
        ?EPILOGUE_B6_L09                                                    CODE 0000B74A
        ?EPILOGUE_B5_L09                                                    CODE 0000B74C
        ?EPILOGUE_B4_L09                                                    CODE 0000B74E
        ?EPILOGUE_B3_L09                                                    CODE 0000B750
        ?EPILOGUE_B2_L09                                                    CODE 0000B752
        ?EPILOGUE_B1_L09                                                    CODE 0000B754
        ?EPILOGUE_B0_L09                                                    CODE 0000B756
?REGISTER_CGREGR4_L10 ( C:\Program Files (x86)\IAR Systems\Embedded Workbench 8.0\avr\LIB\CLIB\cl3s-ec_mul-sf.r90 )
        ?Register_R4_is_cg_reg                                              CODE 0000B760
?REGISTER_CGREGR5_L10 ( C:\Program Files (x86)\IAR Systems\Embedded Workbench 8.0\avr\LIB\CLIB\cl3s-ec_mul-sf.r90 )
        ?Register_R5_is_cg_reg                                              CODE 0000B760
?low_level_init ( C:\Program Files (x86)\IAR Systems\Embedded Workbench 8.0\avr\LIB\CLIB\cl3s-ec_mul-sf.r90 )
        __low_level_init                                                    CODE 0000B760
?memcmp_G ( C:\Program Files (x86)\IAR Systems\Embedded Workbench 8.0\avr\LIB\CLIB\cl3s-ec_mul-sf.r90 )
        memcmp_G                                                            CODE 0000B764
?memcpy ( C:\Program Files (x86)\IAR Systems\Embedded Workbench 8.0\avr\LIB\CLIB\cl3s-ec_mul-sf.r90 )
        memcpy                                                               NOT NEEDED
?memset ( C:\Program Files (x86)\IAR Systems\Embedded Workbench 8.0\avr\LIB\CLIB\cl3s-ec_mul-sf.r90 )
        memset                                                              CODE 0000B794
?segment_init ( C:\Program Files (x86)\IAR Systems\Embedded Workbench 8.0\avr\LIB\CLIB\cl3s-ec_mul-sf.r90 )
        __segment_init                                                      CODE 0000B7BE
        __memclr                                                            CODE 0000B7A6
        __flashcpy                                                          CODE 0000B7B2
?FILLER_BYTES
?CHECKSUM
        __checksum                                                          CODE 0000FFFE


                ****************************************
                *                                      *
                *            MODULE SUMMARY            *
                *                                      *
                ****************************************

Module                       CODE      DATA      XDATA
------                       ----      ----      -----
                            (Rel)  (Rel)  (Abs)  (Rel)
?CHECKSUM                       2
?C_STARTUP                     36
?EPILOGUE_B_L09                22
?FILLER_BYTES              18 506
  + common                    194
?MOVE_LONG_L07                 22
?PROLOGUE_L09                  14
?RESET
  + common                      4
?S_EC_MUL_L02                  16
?__exit                         6
?low_level_init                 4
?memcmp_G                      48
?memset                        18
?segment_init                  76
FlashAppl                     401     10      3
  + shared                      6             6
FlashApplInOut                204      2
FlashApplLF                   572             5
  + shared                                    7
FlashApplPEPS               2 645    226     23
  + shared                      6            14
FlashApplRF                   246
  + shared                                    2
FlashApplRKE                  424
  + shared                                    2
FlashApplSPI                  188     10      3
  + shared                      8             5
  + common
FlashIrq                      526      4      2
  + common                     84
ata5700_command_set_asm     1 604
ata5700_command_set_flash     580     29
eep_flash                                          623
extif_asm_flash               152
extif_flash                    26      6      1
  + shared                                    1
globals_flash                 190             2
  + common                    180
init_flash                    936     24     13
  + shared                                    2
inttable_flash_asm
  + common                    194
lfrssi_flash                1 330     91      1
  + shared                                    2
lfrx_flash                  1 376    165      5
  + shared                    176            11
  + common
lfrx_immo_flash               386     42      1
rfrcc_flash                   534     15      4
rftx_flash                     20     43
spi_flash                     106
system_asm_flash               54
system_flash                  194
  + common                     32
timer1_asm_flash               56
timer2_asm_flash               56
timer3_asm_flash               84
timer4_asm_flash               84
timer4_flash                   84
timer5_asm_flash               56
tp_asm                         46
tp_flash                      594      7      3
  + common                    132
utils                         110
N/A (command line)                   104
N/A (alignment)               -72
----------                 ------    ---    ---    ---
Total:                     32 574    778    118    623
  + common                    194


                ****************************************
                *                                      *
                *      SEGMENTS IN ADDRESS ORDER       *
                *                                      *
                ****************************************


SEGMENT              SPACE    START ADDRESS   END ADDRESS     SIZE  TYPE  ALIGN
=======              =====    =============   ===========     ====  ====  =====
INTVEC               CODE          00008000 - 000080C1          C2   com    1
?FILL1               CODE          000080C2 - 000080CF           E   rel    0
NEAR_F               CODE          000080D0 - 0000811B          4C   rel    0
SWITCH               CODE               0000811C                     dse    0
INITTAB              CODE          0000811C - 00008127           C   rel    0
NEAR_C               CODE          00008128 - 00008133           C   rel    0
?FILL2               CODE          00008134 - 0000817F          4C   rel    0
CODE                 CODE          00008180 - 0000B7F1        3672   rel    7
TINY_ID              CODE               0000B7F2                     dse    0
NEAR_ID              CODE          0000B7F2 - 0000B80A          19   rel    0
?FILL3               CODE          0000B80B - 0000FFEF        47E5   rel    0
.versions            CODE          0000FFF0 - 0000FFF2           3   rel    0
?FILL4               CODE          0000FFF3 - 0000FFFD           B   rel    0
CHECKSUM             CODE          0000FFFE - 0000FFFF           2   rel    0
ABSOLUTE             DATA               0000001C                     rel    0
                     DATA               0000001D                   
                     DATA               0000001E                   
                     DATA               0000001F                   
                     DATA          00000020 - 00000025           6 
                     DATA          00000027 - 0000002B           5 
                     DATA          0000002D - 0000002E           2 
                     DATA          00000035 - 00000035           1 
                     DATA          00000037 - 0000003F           9 
                     DATA          00000046 - 00000050           B 
                     DATA          00000052 - 00000052           1 
                     DATA          00000058 - 00000058           1 
                     DATA          0000005A - 0000005B           2 
                     DATA          0000005F - 0000005F           1 
                     DATA          0000006B - 0000006D           3 
                     DATA          00000088 - 00000088           1 
                     DATA          0000008F - 0000008F           1 
                     DATA          000000CA - 000000CA           1 
                     DATA          000000CC - 000000CC           1 
                     DATA          000000FC - 000000FD           2 
                     DATA          000000FF - 000000FF           1 
                     DATA          00000101 - 00000101           1 
                     DATA          00000115 - 00000116           2 
                     DATA          00000152 - 00000156           5 
                     DATA          00000158 - 00000158           1 
                     DATA          00000161 - 00000162           2 
                     DATA          00000164 - 00000164           1 
                     DATA          00000166 - 00000166           1 
                     DATA          0000016C - 00000171           6 
                     DATA          00000181 - 00000181           1 
                     DATA          0000018E - 0000019B           E 
                     DATA          0000019F - 0000019F           1 
                     DATA          000001A1 - 000001A1           1 
                     DATA          000001A4 - 000001A9           6 
                     DATA          000001B0 - 000001B2           3 
                     DATA          000001B4 - 000001B4           1 
                     DATA          000001B8 - 000001BF           8 
                     DATA          000001C1 - 000001C4           4 
                     DATA          000001D6 - 000001DD           8 
                     DATA          000001E3 - 000001E4           2 
                     DATA          000001E6 - 000001E6           1 
.sram_FlashApp_LfRssi_BMW
                     DATA          000002F6 - 00000335          40   rel    0
.sram_FlashApp_ExtIf
                     DATA          00000336 - 0000033B           6   rel    0
.sram_FlashApp_TpRxTx
                     DATA          0000033C - 00000342           7   rel    0
.sram_FlashApp_MsgRXbuffer
                     DATA          00000343 - 00000374          32   rel    0
.sram_FlashApp_MsgTXbuffer
                     DATA          00000375 - 000003A6          32   rel    0
.sram_SPI_RXbuffer   DATA          000003A7 - 000003B0           A   rel    0
.sram_FlashModule_Rfrcc
                     DATA          000003B1 - 000003BF           F   rel    0
.sram_FlashApp_Ata5700CommandSet
                     DATA          000003C0 - 000003DC          1D   rel    0
.sram_FlashApp_TempArray
                     DATA          000003DD - 000003E6           A   rel    0
.sram_FlashApp_EventHandling
                     DATA          000003E7 - 000003F3           D   rel    0
.sram_FlashApp_Sleep
                     DATA          000003F4 - 000003F4           1   rel    0
.sram_FlashApp_LfRx
                     DATA          000003F5 - 0000044A          56   rel    0
.sram_FlashApp_LfRssi
                     DATA          0000044B - 00000459           F   rel    0
NEAR_I               DATA          0000045A - 00000472          19   rel    0
NEAR_Z               DATA          00000473 - 000004EC          7A   rel    0
NEAR_N               DATA          000004ED - 00000597          AB   rel    0
RSTACK               DATA          00000598 - 000005CF          38   dse    0
CSTACK               DATA          000005D0 - 000005FF          30   dse    0
.eep_sCustomerEEPromSectionRKEPEPS
                     XDATA         00000060 - 0000008C          2D   rel    0
.eep_FlashApp_EventHandling
                     XDATA         00000410 - 0000041C           D   rel    0
.eep_FlashApp_Clk    XDATA         0000041D - 00000422           6   rel    0
.eep_FlashApp_Cpu    XDATA         00000423 - 00000424           2   rel    0
.eep_FlashApp_Debounce
                     XDATA         00000425 - 00000429           5   rel    0
.eep_FlashApp_Debug
                     XDATA         0000042A - 0000042B           2   rel    0
.eep_FlashApp_Int    XDATA         0000042C - 00000430           5   rel    0
.eep_FlashApp_PortB
                     XDATA         00000431 - 00000432           2   rel    0
.eep_FlashApp_PortC
                     XDATA         00000433 - 00000434           2   rel    0
.eep_FlashApp_PortD
                     XDATA         00000435 - 00000436           2   rel    0
.eep_FlashApp_Spi    XDATA         00000437 - 00000438           2   rel    0
.eep_FlashApp_Sup    XDATA         00000439 - 0000043A           2   rel    0
.eep_FlashApp_Timer0Wdt
                     XDATA         0000043B - 0000043B           1   rel    0
.eep_FlashApp_LfRssiEndOfLineCalibrationSettings
                     XDATA         0000043C - 0000044A           F   rel    0
.eep_FlashApp_LfRssiSrcCalibrationSetting
                     XDATA         0000044B - 0000044B           1   rel    0
.eep_wEepRfrccAddress
                     XDATA         0000044C - 0000044D           2   rel    0
.eep_sCustomerEEPromSectionParameterData
                     XDATA         00000580 - 0000077F         200   rel    0
.eep_sCustomerEEPromSectionUSRID
                     XDATA         000008B0 - 000008B3           4   rel    0


                ****************************************
                *                                      *
                *              CHECKSUMS               *
                *                                      *
                ****************************************

Symbol      Checksum  Memory  Start      End       Initial  #Initial
------      --------  ------  -----      ---       -------  --------
__checksum    0x5d17   CODE   00008000 - 0000FFFD   0x0000   #0x0000

                ****************************************
                *                                      *
                *        END OF CROSS REFERENCE        *
                *                                      *
                ****************************************

 14 262 bytes of CODE  memory (+              18 506 range fill )
    778 bytes of DATA  memory (+ 118 absolute )
    623 bytes of XDATA memory

Errors: none
Warnings: none

